################################################################################
#                                                                              #
#      IAR Universal Linker V6.5.2.97                                          #
#                                                                              #
#           Link time     =  17/Aug/2018  17:26:50                             #
#           Target CPU    =  x51                                               #
#           List file     =  C:\Users\Francesco\Desktop\firmware-cc1110-lime2- #
#                            remote\ide\LIME2\List\smpl_link.map               #
#           Output file 1 =  C:\Users\Francesco\Desktop\firmware-cc1110-lime2- #
#                            remote\ide\LIME2\Exe\smpl_link.hex                #
#                            Format: intel-extended                            #
#           Output file 2 =  C:\Users\Francesco\Desktop\firmware-cc1110-lime2- #
#                            remote\ide\LIME2\Exe\smpl_link.d51                #
#                            Format: ubrof10                                   #
#                            UBROF version 10.0.6                              #
#                            Using library modules for C-SPY (-rt)             #
#           Command line  =  -f                                                #
#                            C:\Users\FRANCE~1\AppData\Local\Temp\EW63FD.tmp   #
#                            (C:\Users\Francesco\Desktop\firmware-cc1110-lime2 #
#                            -remote\ide\LIME2\Obj\bsp.r51                     #
#                            C:\Users\Francesco\Desktop\firmware-cc1110-lime2- #
#                            remote\ide\LIME2\Obj\bsp_extended.r51             #
#                            C:\Users\Francesco\Desktop\firmware-cc1110-lime2- #
#                            remote\ide\LIME2\Obj\lime2.r51                    #
#                            C:\Users\Francesco\Desktop\firmware-cc1110-lime2- #
#                            remote\ide\LIME2\Obj\main.r51                     #
#                            C:\Users\Francesco\Desktop\firmware-cc1110-lime2- #
#                            remote\ide\LIME2\Obj\mrfi.r51                     #
#                            C:\Users\Francesco\Desktop\firmware-cc1110-lime2- #
#                            remote\ide\LIME2\Obj\remote.r51                   #
#                            -o                                                #
#                            C:\Users\Francesco\Desktop\firmware-cc1110-lime2- #
#                            remote\ide\LIME2\Exe\smpl_link.d51                #
#                            -l                                                #
#                            C:\Users\Francesco\Desktop\firmware-cc1110-lime2- #
#                            remote\ide\LIME2\List\smpl_link.map               #
#                            -xmsn                                             #
#                            -IC:\Users\Francesco\Desktop\firmware-cc1110-lime #
#                            2-remote\ide\..\..\..\tools\cc1110\               #
#                            -f                                                #
#                            "C:\Program Files (x86)\IAR Systems\Embedded Work #
#                            bench 8.0\8051\config\devices\Texas Instruments\l #
#                            nk51ew_cc1110F32.xcl"                             #
#                            (-D_IDATA0_START=0x00 -D_IDATA0_END=0xFF          #
#                            -D_PDATA0_START=0xF000 -D_PDATA0_END=0xF0FF       #
#                            -D_IXDATA0_START=0x00F000                         #
#                            -D_IXDATA0_END=0x00FDA1                           #
#                            -D_XDATA0_START=0x00F000 -D_XDATA0_END=0x00FDA1   #
#                            -D_CODE0_START=0x000000 -D_CODE0_END=0x007FFF     #
#                            -D?REGISTER_BANK=0x0 -D_REGISTER_BANK_START=0x0   #
#                            -D_BREG_START=0x00 -D?VB=0x20                     #
#                            -Z(BIT)BREG=_BREG_START -Z(BIT)BIT_N=0-7F         #
#                            -Z(DATA)REGISTERS+8=_REGISTER_BANK_START          #
#                            -Z(DATA)BDATA_Z,BDATA_N,BDATA_I=20-2F             #
#                            -Z(DATA)VREG=08-7F -Z(DATA)PSP,XSP=08-7F          #
#                            -Z(DATA)DOVERLAY=08-7F                            #
#                            -Z(DATA)DATA_I,DATA_Z,DATA_N=08-7F                #
#                            -U(IDATA)0-7F=(DATA)0-7F                          #
#                            -Z(IDATA)IDATA_I,IDATA_Z,IDATA_N=08-_IDATA0_END   #
#                            -Z(IDATA)ISTACK+_IDATA_STACK_SIZE#08-_IDATA0_END  #
#                            -Z(IDATA)IOVERLAY=08-FF -Z(CODE)INTVEC=0          #
#                            -Z(CODE)CSTART=_CODE0_START-_CODE0_END            #
#                            -Z(CODE)BIT_ID,BDATA_ID,DATA_ID,IDATA_ID,IXDATA_I #
#                            D,PDATA_ID,XDATA_ID=_CODE0_START-_CODE0_END       #
#                            -Z(CODE)RCODE,DIFUNCT,CODE_C,CODE_N,NEAR_CODE=_CO #
#                            DE0_START-_CODE0_END                              #
#                            -Z(CODE)CHECKSUM#_CODE0_END                       #
#                            -Z(XDATA)PDATA_Z,PDATA_I=_PDATA0_START-_PDATA0_EN #
#                            D                                                 #
#                            -P(XDATA)PDATA_N=_PDATA0_START-_PDATA0_END        #
#                            -Z(XDATA)PSTACK+_PDATA_STACK_SIZE=_PDATA0_START-_ #
#                            PDATA0_END                                        #
#                            -Z(XDATA)EXT_STACK+_EXTENDED_STACK_SIZE=_EXTENDED #
#                            _STACK_START                                      #
#                            -Z(XDATA)XSTACK+_XDATA_STACK_SIZE=_XDATA0_START-_ #
#                            XDATA0_END                                        #
#                            -Z(XDATA)IXDATA_Z,IXDATA_I=_IXDATA0_START-_IXDATA #
#                            0_END                                             #
#                            -P(XDATA)IXDATA_N=_IXDATA0_START-_IXDATA0_END     #
#                            -Z(XDATA)XDATA_Z,XDATA_I=_XDATA0_START-_XDATA0_EN #
#                            D                                                 #
#                            -P(XDATA)XDATA_N=_XDATA0_START-_XDATA0_END        #
#                            -Z(XDATA)XDATA_HEAP+_XDATA_HEAP_SIZE=_XDATA0_STAR #
#                            T-_XDATA0_END                                     #
#                            -Z(CONST)XDATA_ROM_C=_XDATA0_START-_XDATA0_END    #
#                            -cx51 -Z(XDATA)XDATA_SCRATCH=0xFDA2-0xFEFF)       #
#                            "-IC:\Program Files (x86)\IAR Systems\Embedded Wo #
#                            rkbench 8.0\8051\CONFIG\"                         #
#                            -D_NR_OF_VIRTUAL_REGISTERS=8 -D?PBANK=0xA0        #
#                            -D?CBANK=0xC7 -D?CBANK_MASK=0x30                  #
#                            -e?BCALL_30=?BCALL -e?BRET_30=?BRET               #
#                            -e?BDISPATCH_30=?BDISPATCH                        #
#                            -D_CODEBANK_START=0x8000 -D_CODEBANK_END=0xFFFF   #
#                            -D_NR_OF_BANKS=0x03                               #
#                            -e_medium_write=_formatted_write                  #
#                            -e_medium_read=_formatted_read -rt                #
#                            -Ointel-extended=C:\Users\Francesco\Desktop\firmw #
#                            are-cc1110-lime2-remote\ide\LIME2\Exe\smpl_link.h #
#                            ex                                                #
#                            -s __program_start                                #
#                            "C:\Program Files (x86)\IAR Systems\Embedded Work #
#                            bench 8.0\8051\LIB\CLIB\cl-pli-nlxd-1e16x01.r51"  #
#                            -D_IDATA_STACK_SIZE=0x40 -D?ESP=0 -D?ESP_MASK=0   #
#                            -D_EXTENDED_STACK_START=0                         #
#                            -D_EXTENDED_STACK_SIZE=0                          #
#                            -D_PDATA_STACK_SIZE=0x80                          #
#                            -D_XDATA_STACK_SIZE=0x100                         #
#                            -D_XDATA_HEAP_SIZE=0xFF -D_FAR_HEAP_SIZE=0xFFF    #
#                            -D_HUGE_HEAP_SIZE=0xFFF                           #
#                            -D_FAR22_HEAP_SIZE=0xFFF)                         #
#                                                                              #
#                           Copyright (C) 1987-2017 IAR Systems AB.            #
################################################################################





                ****************************************
                *                                      *
                *           CROSS REFERENCE            *
                *                                      *
                ****************************************

       Program entry at : CODE      000000C7  Relocatable, from module : CSTARTUP




                ****************************************
                *                                      *
                *            RUNTIME MODEL             *
                *                                      *
                ****************************************

  __SystemLibrary          = CLib
  __calling_convention     = xdata_reentrant
  __code_model             = near
  __core                   = plain
  __data_model             = large
  __dptr_size              = 16
  __extended_stack         = disabled
  __location_for_constants = data
  __number_of_dptrs        = 1
  __register_banks         = *
  __rt_version             = 1

                ****************************************
                *                                      *
                *    AUTOMATIC SYMBOL REDIRECTIONS     *
                *                                      *
                ****************************************

                  There are no automatic symbol redirections.



                ****************************************
                *                                      *
                *              MODULE MAP              *
                *                                      *
                ****************************************


  DEFINED ABSOLUTE ENTRIES
    *************************************************************************

  DEFINED ABSOLUTE ENTRIES
  PROGRAM MODULE, NAME : ?ABS_ENTRY_MOD

Absolute parts
           ENTRY                   ADDRESS         REF BY
           =====                   =======         ======
           _FAR22_HEAP_SIZE        00000FFF 
           _HUGE_HEAP_SIZE         00000FFF 
           _FAR_HEAP_SIZE          00000FFF 
           _XDATA_HEAP_SIZE        000000FF 
           _XDATA_STACK_SIZE       00000100 
           _PDATA_STACK_SIZE       00000080 
           _EXTENDED_STACK_SIZE    00000000 
           _EXTENDED_STACK_START   00000000 
           ?ESP_MASK               00000000 
           ?ESP                    00000000 
           _IDATA_STACK_SIZE       00000040 
           _NR_OF_BANKS            00000003 
           _CODEBANK_END           0000FFFF 
           _CODEBANK_START         00008000 
           ?CBANK_MASK             00000030 
           ?CBANK                  000000C7 
           ?PBANK                  000000A0 
           _NR_OF_VIRTUAL_REGISTERS
                                   00000008 
           ?VB                     00000020        ?FUNC_ENTER_XDATA (?FUNC_ENTER_XDATA)
                                                   ?FUNC_LEAVE_XDATA (?FUNC_LEAVE_XDATA)
                                                   ?INTERRUPT_ENTER_XSP (?INTERRUPT_ENTER_XSP)
                                                   ?INTERRUPT_LEAVE_XSP (?INTERRUPT_LEAVE_XSP)
                                                   SendCommandOverRadioWithACK (lime2)
           _BREG_START             00000000 
           _REGISTER_BANK_START    00000000 
           ?REGISTER_BANK          00000000        Segment part 6 (CSTARTUP)
           _CODE0_END              00007FFF 
           _CODE0_START            00000000 
           _XDATA0_END             0000FDA1 
           _XDATA0_START           0000F000 
           _IXDATA0_END            0000FDA1 
           _IXDATA0_START          0000F000 
           _PDATA0_END             0000F0FF 
           _PDATA0_START           0000F000 
           _IDATA0_END             000000FF 
           _IDATA0_START           00000000 
    *************************************************************************

  FILE NAME : C:\Users\Francesco\Desktop\firmware-cc1110-lime2-remote\ide\LIME2\Obj\bsp.r51
  PROGRAM MODULE, NAME : bsp

  SEGMENTS IN THE MODULE
  ======================
SFR_AN
  Relative segment, address: DATA 00000090 - 00000090 (0x1 bytes), align: 0
  Segment part 1. ROOT        Intra module refs:   BSP_InitLeds
                                                   HandleSPI (lime2)
                                                   SendCommandOverRadioWithACK (lime2)
                                                   main (main)
           ENTRY                   ADDRESS         REF BY
           =====                   =======         ======
           _A_P1                   00000090 
           LOCAL                   ADDRESS         
           =====                   =======         
           P1                      00000090 
    -------------------------------------------------------------------------
SFR_AN
  Relative segment, address: DATA 000000A8 - 000000A8 (0x1 bytes), align: 0
  Segment part 2. ROOT        Intra module refs:   BSP_ButtonIsr (bsp_extended)
                                                   BSP_Init
                                                   BSP_SleepIsr (bsp_extended)
                                                   MRFI_Init (mrfi)
                                                   MRFI_RfIsr (mrfi)
                                                   MRFI_RxIdle (mrfi)
                                                   MRFI_RxOn (mrfi)
                                                   MRFI_SetLogicalChannel (mrfi)
                                                   MRFI_Transmit (mrfi)
                                                   MRFI_WakeUp (mrfi)
                                                   Mrfi_DelayUsec (mrfi)
                                                   PinConfigLime2_SPI_INPUT (lime2)
           ENTRY                   ADDRESS         REF BY
           =====                   =======         ======
           _A_IEN0                 000000A8 
           LOCAL                   ADDRESS         
           =====                   =======         
           IEN0                    000000A8 
    -------------------------------------------------------------------------
SFR_AN
  Relative segment, address: DATA 000000CB - 000000CB (0x1 bytes), align: 0
  Segment part 3. ROOT        Intra module refs:   BSP_Delay
           ENTRY                   ADDRESS         REF BY
           =====                   =======         ======
           T3CTL                   000000CB 
    -------------------------------------------------------------------------
SFR_AN
  Relative segment, address: DATA 000000CD - 000000CD (0x1 bytes), align: 0
  Segment part 4. ROOT        Intra module refs:   BSP_Delay
           ENTRY                   ADDRESS         REF BY
           =====                   =======         ======
           T3CC0                   000000CD 
    -------------------------------------------------------------------------
SFR_AN
  Relative segment, address: DATA 000000D8 - 000000D8 (0x1 bytes), align: 0
  Segment part 5. ROOT        Intra module refs:   BSP_Delay
           ENTRY                   ADDRESS         REF BY
           =====                   =======         ======
           _A_TIMIF                000000D8 
           LOCAL                   ADDRESS         
           =====                   =======         
           TIMIF                   000000D8 
    -------------------------------------------------------------------------
SFR_AN
  Relative segment, address: DATA 000000FE - 000000FE (0x1 bytes), align: 0
  Segment part 6. ROOT        Intra module refs:   BSP_InitLeds
           ENTRY                   ADDRESS         REF BY
           =====                   =======         ======
           P1DIR                   000000FE 
    -------------------------------------------------------------------------
NEAR_CODE
  Relative segment, address: CODE 000003A3 - 000003D4 (0x32 bytes), align: 0
  Segment part 12.
           ENTRY                   ADDRESS         REF BY
           =====                   =======         ======
           BSP_Init                000003A3        main (main)
               calls direct
               XSTACK = 00000000 ( 00000002 )
               ISTACK = 00000000 ( 00000002 )
    -------------------------------------------------------------------------
NEAR_CODE
  Relative segment, address: CODE 000003D5 - 000003D5 (0x1 bytes), align: 0
  Segment part 13.            Intra module refs:   BSP_Init
           ENTRY                   ADDRESS         REF BY
           =====                   =======         ======
           BSP_InitBoard           000003D5 
               XSTACK = 00000002 ( 00000000 )
    -------------------------------------------------------------------------
NEAR_CODE
  Relative segment, address: CODE 000003D6 - 000003F9 (0x24 bytes), align: 0
  Segment part 14.
           ENTRY                   ADDRESS         REF BY
           =====                   =======         ======
           BSP_Delay               000003D6        ?Subroutine7 (mrfi)
                                                   DelayMsWithInterrupts (main)
    -------------------------------------------------------------------------
NEAR_CODE
  Relative segment, address: CODE 000003FA - 000003FF (0x6 bytes), align: 0
  Segment part 15.            Intra module refs:   BSP_Init
           ENTRY                   ADDRESS         REF BY
           =====                   =======         ======
           BSP_InitDrivers         000003FA 
               calls direct
               XSTACK = 00000002 ( 00000000 )
    -------------------------------------------------------------------------
NEAR_CODE
  Relative segment, address: CODE 00000400 - 0000040A (0xb bytes), align: 0
  Segment part 16.            Intra module refs:   BSP_InitDrivers
           ENTRY                   ADDRESS         REF BY
           =====                   =======         ======
           BSP_InitLeds            00000400 
    -------------------------------------------------------------------------
NEAR_CODE
  Relative segment, address: CODE 0000040B - 0000040B (0x1 bytes), align: 0
  Segment part 17.            Intra module refs:   BSP_InitDrivers
           ENTRY                   ADDRESS         REF BY
           =====                   =======         ======
           BSP_InitButtons         0000040B 

    *************************************************************************

  FILE NAME : C:\Users\Francesco\Desktop\firmware-cc1110-lime2-remote\ide\LIME2\Obj\bsp_extended.r51
  PROGRAM MODULE, NAME : bsp_extended

  SEGMENTS IN THE MODULE
  ======================
SFR_AN
  Relative segment, address: DATA 00000087 - 00000087 (0x1 bytes), align: 0
  Segment part 1. ROOT 
           ENTRY                   ADDRESS         REF BY
           =====                   =======         ======
           PCON                    00000087 
    -------------------------------------------------------------------------
SFR_AN
  Relative segment, address: DATA 0000008A - 0000008A (0x1 bytes), align: 0
  Segment part 2. ROOT        Intra module refs:   BSP_ButtonIsr
           ENTRY                   ADDRESS         REF BY
           =====                   =======         ======
           P1IFG                   0000008A 
    -------------------------------------------------------------------------
SFR_AN
  Relative segment, address: DATA 0000008D - 0000008D (0x1 bytes), align: 0
  Segment part 3. ROOT 
           ENTRY                   ADDRESS         REF BY
           =====                   =======         ======
           P1IEN                   0000008D 
    -------------------------------------------------------------------------
SFR_AN
  Relative segment, address: DATA 0000009A - 0000009A (0x1 bytes), align: 0
  Segment part 4. ROOT        Intra module refs:   BSP_ButtonIsr
                                                   MRFI_Init (mrfi)
                                                   PinConfigLime2_SPI_INPUT (lime2)
           ENTRY                   ADDRESS         REF BY
           =====                   =======         ======
           IEN2                    0000009A 
    -------------------------------------------------------------------------
SFR_AN
  Relative segment, address: DATA 000000A1 - 000000A1 (0x1 bytes), align: 0
  Segment part 5. ROOT        Intra module refs:   BSP_SleepIsr
           ENTRY                   ADDRESS         REF BY
           =====                   =======         ======
           WORIRQ                  000000A1 
    -------------------------------------------------------------------------
SFR_AN
  Relative segment, address: DATA 000000A2 - 000000A2 (0x1 bytes), align: 0
  Segment part 6. ROOT 
           ENTRY                   ADDRESS         REF BY
           =====                   =======         ======
           WORCTRL                 000000A2 
    -------------------------------------------------------------------------
SFR_AN
  Relative segment, address: DATA 000000A3 - 000000A3 (0x1 bytes), align: 0
  Segment part 7. ROOT 
           ENTRY                   ADDRESS         REF BY
           =====                   =======         ======
           WOREVT0                 000000A3 
    -------------------------------------------------------------------------
SFR_AN
  Relative segment, address: DATA 000000A4 - 000000A4 (0x1 bytes), align: 0
  Segment part 8. ROOT 
           ENTRY                   ADDRESS         REF BY
           =====                   =======         ======
           WOREVT1                 000000A4 
    -------------------------------------------------------------------------
SFR_AN
  Relative segment, address: DATA 000000A5 - 000000A5 (0x1 bytes), align: 0
  Segment part 9. ROOT 
           ENTRY                   ADDRESS         REF BY
           =====                   =======         ======
           WORTIME0                000000A5 
    -------------------------------------------------------------------------
SFR_AN
  Relative segment, address: DATA 000000B4 - 000000B4 (0x1 bytes), align: 0
  Segment part 11. ROOT       Intra module refs:   MRFI_RandomByte (mrfi)
           ENTRY                   ADDRESS         REF BY
           =====                   =======         ======
           ADCCON1                 000000B4 
    -------------------------------------------------------------------------
SFR_AN
  Relative segment, address: DATA 000000B6 - 000000B6 (0x1 bytes), align: 0
  Segment part 12. ROOT 
           ENTRY                   ADDRESS         REF BY
           =====                   =======         ======
           ADCCON3                 000000B6 
    -------------------------------------------------------------------------
SFR_AN
  Relative segment, address: DATA 000000BA - 000000BA (0x1 bytes), align: 0
  Segment part 13. ROOT 
           ENTRY                   ADDRESS         REF BY
           =====                   =======         ======
           ADCL                    000000BA 
    -------------------------------------------------------------------------
SFR_AN
  Relative segment, address: DATA 000000BB - 000000BB (0x1 bytes), align: 0
  Segment part 14. ROOT 
           ENTRY                   ADDRESS         REF BY
           =====                   =======         ======
           ADCH                    000000BB 
    -------------------------------------------------------------------------
SFR_AN
  Relative segment, address: DATA 000000BC - 000000BC (0x1 bytes), align: 0
  Segment part 15. ROOT       Intra module refs:   MRFI_Init (mrfi)
                                                   MRFI_RandomByte (mrfi)
           ENTRY                   ADDRESS         REF BY
           =====                   =======         ======
           RNDL                    000000BC 
    -------------------------------------------------------------------------
SFR_AN
  Relative segment, address: DATA 000000BE - 000000BE (0x1 bytes), align: 0
  Segment part 16. ROOT       Intra module refs:   BSP_ButtonIsr
                                                   BSP_SleepIsr
                                                   MRFI_Init (mrfi)
                                                   PinConfigLime2_SPI_INPUT (lime2)
           ENTRY                   ADDRESS         REF BY
           =====                   =======         ======
           SLEEP                   000000BE 
    -------------------------------------------------------------------------
SFR_AN
  Relative segment, address: DATA 000000C0 - 000000C0 (0x1 bytes), align: 0
  Segment part 17. ROOT       Intra module refs:   BSP_SleepIsr
           ENTRY                   ADDRESS         REF BY
           =====                   =======         ======
           _A_IRCON                000000C0 
           LOCAL                   ADDRESS         
           =====                   =======         
           IRCON                   000000C0 
    -------------------------------------------------------------------------
SFR_AN
  Relative segment, address: DATA 000000C6 - 000000C6 (0x1 bytes), align: 0
  Segment part 18. ROOT       Intra module refs:   MRFI_Init (mrfi)
                                                   MRFI_WakeUp (mrfi)
                                                   PinConfigLime2_SPI_INPUT (lime2)
           ENTRY                   ADDRESS         REF BY
           =====                   =======         ======
           CLKCON                  000000C6 
    -------------------------------------------------------------------------
SFR_AN
  Relative segment, address: DATA 000000C7 - 000000C7 (0x1 bytes), align: 0
  Segment part 19. ROOT 
           ENTRY                   ADDRESS         REF BY
           =====                   =======         ======
           MEMCTR                  000000C7 
    -------------------------------------------------------------------------
SFR_AN
  Relative segment, address: DATA 000000D4 - 000000D4 (0x1 bytes), align: 0
  Segment part 20. ROOT       Intra module refs:   MRFI_Init (mrfi)
           ENTRY                   ADDRESS         REF BY
           =====                   =======         ======
           DMA0CFGL                000000D4 
    -------------------------------------------------------------------------
SFR_AN
  Relative segment, address: DATA 000000D5 - 000000D5 (0x1 bytes), align: 0
  Segment part 21. ROOT       Intra module refs:   MRFI_Init (mrfi)
           ENTRY                   ADDRESS         REF BY
           =====                   =======         ======
           DMA0CFGH                000000D5 
    -------------------------------------------------------------------------
SFR_AN
  Relative segment, address: DATA 000000D6 - 000000D6 (0x1 bytes), align: 0
  Segment part 22. ROOT       Intra module refs:   MRFI_RfIsr (mrfi)
                                                   MRFI_Transmit (mrfi)
                                                   Mrfi_RxModeOff (mrfi)
                                                   Mrfi_RxModeOn (mrfi)
           ENTRY                   ADDRESS         REF BY
           =====                   =======         ======
           DMAARM                  000000D6 
    -------------------------------------------------------------------------
SFR_AN
  Relative segment, address: DATA 000000E8 - 000000E8 (0x1 bytes), align: 0
  Segment part 23. ROOT       Intra module refs:   BSP_ButtonIsr
                                                   PinConfigLime2_SPI_INPUT (lime2)
                                                   ut0tx_isr (lime2)
           ENTRY                   ADDRESS         REF BY
           =====                   =======         ======
           _A_IRCON2               000000E8 
           LOCAL                   ADDRESS         
           =====                   =======         
           IRCON2                  000000E8 
    -------------------------------------------------------------------------
XDATA_Z
  Relative segment, address: XDATA 0000F100 - 0000F100 (0x1 bytes), align: 0
  Segment part 31.            Intra module refs:   BSP_ButtonIsr
           LOCAL                   ADDRESS         
           =====                   =======         
           sButtonPushed           0000F100 
    -------------------------------------------------------------------------
NEAR_CODE
  Relative segment, address: CODE 0000040C - 00000443 (0x38 bytes), align: 0
  Segment part 39.            Intra module refs:   BSP_ButtonIsr::??INTVEC 123
           ENTRY                   ADDRESS         REF BY
           =====                   =======         ======
           BSP_ButtonIsr           0000040C 
               interrupt function
               ISTACK = 00000000 ( 00000004 )
    -------------------------------------------------------------------------
NEAR_CODE
  Relative segment, address: CODE 00000444 - 00000452 (0xf bytes), align: 0
  Segment part 40.            Intra module refs:   BSP_SleepIsr::??INTVEC 43
           ENTRY                   ADDRESS         REF BY
           =====                   =======         ======
           BSP_SleepIsr            00000444 
               interrupt function
               ISTACK = 00000000 ( 00000001 )
    -------------------------------------------------------------------------
INTVEC
  Common segment, address: CODE 00000000 - 0000002D (0x2e bytes), align: 0
  Segment part 24. ROOT 
           ENTRY                   ADDRESS         REF BY
           =====                   =======         ======
           BSP_SleepIsr::??INTVEC 43
                                   0000002B 
    -------------------------------------------------------------------------
INTVEC
  Common segment, address: CODE 00000000 - 0000007D (0x7e bytes), align: 0
  Segment part 25. ROOT 
           ENTRY                   ADDRESS         REF BY
           =====                   =======         ======
           BSP_ButtonIsr::??INTVEC 123
                                   0000007B 

    *************************************************************************

  FILE NAME : C:\Users\Francesco\Desktop\firmware-cc1110-lime2-remote\ide\LIME2\Obj\lime2.r51
  PROGRAM MODULE, NAME : lime2

  SEGMENTS IN THE MODULE
  ======================
SFR_AN
  Relative segment, address: DATA 00000086 - 00000086 (0x1 bytes), align: 0
  Segment part 1. ROOT        Intra module refs:   HandleSPI
                                                   PinConfigLime2_SPI_INPUT
           ENTRY                   ADDRESS         REF BY
           =====                   =======         ======
           U0CSR                   00000086 
    -------------------------------------------------------------------------
SFR_AN
  Relative segment, address: DATA 00000088 - 00000088 (0x1 bytes), align: 0
  Segment part 2. ROOT        Intra module refs:   PinConfigLime2_SPI_INPUT
                                                   ut0rx_isr
           ENTRY                   ADDRESS         REF BY
           =====                   =======         ======
           _A_TCON                 00000088 
           LOCAL                   ADDRESS         
           =====                   =======         
           TCON                    00000088 
    -------------------------------------------------------------------------
SFR_AN
  Relative segment, address: DATA 000000C1 - 000000C1 (0x1 bytes), align: 0
  Segment part 7. ROOT        Intra module refs:   PinConfigLime2_SPI_INPUT
                                                   ResetSPITx
                                                   SPITxCopyNEXTinACTIVE
                                                   ut0rx_isr
                                                   ut0tx_isr
           ENTRY                   ADDRESS         REF BY
           =====                   =======         ======
           U0DBUF                  000000C1 
    -------------------------------------------------------------------------
SFR_AN
  Relative segment, address: DATA 000000C5 - 000000C5 (0x1 bytes), align: 0
  Segment part 8. ROOT        Intra module refs:   PinConfigLime2_SPI_INPUT
           ENTRY                   ADDRESS         REF BY
           =====                   =======         ======
           U0GCR                   000000C5 
    -------------------------------------------------------------------------
SFR_AN
  Relative segment, address: DATA 000000F1 - 000000F1 (0x1 bytes), align: 0
  Segment part 11. ROOT       Intra module refs:   PinConfigLime2_SPI_INPUT
           ENTRY                   ADDRESS         REF BY
           =====                   =======         ======
           PERCFG                  000000F1 
    -------------------------------------------------------------------------
SFR_AN
  Relative segment, address: DATA 000000F3 - 000000F3 (0x1 bytes), align: 0
  Segment part 12. ROOT       Intra module refs:   PinConfigLime2_SPI_INPUT
           ENTRY                   ADDRESS         REF BY
           =====                   =======         ======
           P0SEL                   000000F3 
    -------------------------------------------------------------------------
SFR_AN
  Relative segment, address: DATA 000000FF - 000000FF (0x1 bytes), align: 0
  Segment part 13. ROOT       Intra module refs:   PinConfigLime2_SPI_INPUT
           ENTRY                   ADDRESS         REF BY
           =====                   =======         ======
           P2DIR                   000000FF 
    -------------------------------------------------------------------------
XDATA_Z
  Relative segment, address: XDATA 0000F101 - 0000F101 (0x1 bytes), align: 0
  Segment part 21.            Intra module refs:   IsValidRadioACK
                                                   SendCommandOverRadioWithACK
           LOCAL                   ADDRESS         
           =====                   =======         
           g_noAckCount            0000F101 
    -------------------------------------------------------------------------
XDATA_Z
  Relative segment, address: XDATA 0000F102 - 0000F102 (0x1 bytes), align: 0
  Segment part 22.            Intra module refs:   IsValidRadioACK
                                                   PrepareSPIAck
           LOCAL                   ADDRESS         
           =====                   =======         
           g_lastRemoteBatteryRead
                                   0000F102 
    -------------------------------------------------------------------------
XDATA_Z
  Relative segment, address: XDATA 0000F103 - 0000F103 (0x1 bytes), align: 0
  Segment part 23.            Intra module refs:   IsValidRadioACK
                                                   PrepareSPIAck
           LOCAL                   ADDRESS         
           =====                   =======         
           g_lastRemoteAckTransactionID
                                   0000F103 
    -------------------------------------------------------------------------
XDATA_I
  Relative segment, address: XDATA 0000F207 - 0000F207 (0x1 bytes), align: 0
  Segment part 24.            Intra module refs:   HandleSPI
                                                   SendCommandOverRadioWithACK
                                                   sLime2Node
           LOCAL                   ADDRESS         
           =====                   =======         
           g_lastSpiCommand        0000F207 
    -------------------------------------------------------------------------
XDATA_Z
  Relative segment, address: XDATA 0000F104 - 0000F104 (0x1 bytes), align: 0
  Segment part 26.            Intra module refs:   HandleSPI
                                                   SendCommandOverRadioWithACK
           LOCAL                   ADDRESS         
           =====                   =======         
           g_lastSpiCommandTransactionID
                                   0000F104 
    -------------------------------------------------------------------------
XDATA_Z
  Relative segment, address: XDATA 0000F105 - 0000F105 (0x1 bytes), align: 0
  Segment part 27.            Intra module refs:   HandleSPI
                                                   SendCommandOverRadioWithACK
           LOCAL                   ADDRESS         
           =====                   =======         
           g_lastSpiCommandParameter
                                   0000F105 
    -------------------------------------------------------------------------
XDATA_Z
  Relative segment, address: XDATA 0000F106 - 0000F145 (0x40 bytes), align: 0
  Segment part 28.            Intra module refs:   SendCommandOverRadioWithACK
           LOCAL                   ADDRESS         
           =====                   =======         
           g_pktTx                 0000F106 
    -------------------------------------------------------------------------
XDATA_Z
  Relative segment, address: XDATA 0000F146 - 0000F155 (0x10 bytes), align: 0
  Segment part 29.            Intra module refs:   HandleSPI
                                                   ResetSPIRx
                                                   ut0rx_isr
           LOCAL                   ADDRESS         
           =====                   =======         
           g_rxBufferSPISlave      0000F146 
    -------------------------------------------------------------------------
XDATA_Z
  Relative segment, address: XDATA 0000F156 - 0000F156 (0x1 bytes), align: 0
  Segment part 30.            Intra module refs:   HandleSPI
                                                   ResetSPIRx
                                                   ut0rx_isr
           LOCAL                   ADDRESS         
           =====                   =======         
           g_rxBufferLastIdx       0000F156 
    -------------------------------------------------------------------------
XDATA_Z
  Relative segment, address: XDATA 0000F157 - 0000F166 (0x10 bytes), align: 0
  Segment part 31.            Intra module refs:   ResetSPITx
                                                   SPITxCopyNEXTinACTIVE
                                                   ut0tx_isr
           LOCAL                   ADDRESS         
           =====                   =======         
           g_txBufferSPISlaveACTIVE
                                   0000F157 
    -------------------------------------------------------------------------
XDATA_Z
  Relative segment, address: XDATA 0000F167 - 0000F176 (0x10 bytes), align: 0
  Segment part 32.            Intra module refs:   PrepareSPIAck
                                                   ResetSPITx
                                                   SPITxCopyNEXTinACTIVE
           LOCAL                   ADDRESS         
           =====                   =======         
           g_txBufferSPISlaveNEXT
                                   0000F167 
    -------------------------------------------------------------------------
XDATA_Z
  Relative segment, address: XDATA 0000F177 - 0000F177 (0x1 bytes), align: 0
  Segment part 33.            Intra module refs:   ResetSPITx
                                                   SPITxCopyNEXTinACTIVE
                                                   ut0tx_isr
           LOCAL                   ADDRESS         
           =====                   =======         
           g_txBufferLastIdx       0000F177 
    -------------------------------------------------------------------------
NEAR_CODE
  Relative segment, address: CODE 00000453 - 000004A2 (0x50 bytes), align: 0
  Segment part 34.            Intra module refs:   SendCommandOverRadioWithACK
           LOCAL                   ADDRESS         
           =====                   =======         
           IsValidRadioACK         00000453 
               calls direct
               XSTACK = 00000009 ( 0000000B )
    -------------------------------------------------------------------------
NEAR_CODE
  Relative segment, address: CODE 000004A3 - 00000539 (0x97 bytes), align: 0
  Segment part 35.            Intra module refs:   sLime2Node
           LOCAL                   ADDRESS         
           =====                   =======         
           SendCommandOverRadioWithACK
                                   000004A3 
               calls direct
               XSTACK = 00000009 ( 0000000B )
    -------------------------------------------------------------------------
NEAR_CODE
  Relative segment, address: CODE 0000053A - 0000053C (0x3 bytes), align: 0
  Segment part 36.            Intra module refs:   ResetSPITx
                                                   SPITxCopyNEXTinACTIVE
           LOCAL                   ADDRESS         
           =====                   =======         
           ?Subroutine0            0000053A 
    -------------------------------------------------------------------------
NEAR_CODE
  Relative segment, address: CODE 0000053D - 00000541 (0x5 bytes), align: 0
  Segment part 37.            Intra module refs:   ?Subroutine0
                                                   IsValidRadioACK
                                                   PrepareSPIAck
                                                   ResetSPIRx
                                                   SendCommandOverRadioWithACK
    -------------------------------------------------------------------------
NEAR_CODE
  Relative segment, address: CODE 00000542 - 00000561 (0x20 bytes), align: 0
  Segment part 38.            Intra module refs:   HandleSPI
                                                   PinConfigLime2_SPI_INPUT
                                                   ut0rx_isr
           LOCAL                   ADDRESS         
           =====                   =======         
           ResetSPIRx              00000542 
               calls direct
               XSTACK = 0000000E ( 0000000B )
    -------------------------------------------------------------------------
NEAR_CODE
  Relative segment, address: CODE 00000562 - 00000596 (0x35 bytes), align: 0
  Segment part 39.            Intra module refs:   HandleSPI
           LOCAL                   ADDRESS         
           =====                   =======         
           ResetSPITx              00000562 
               calls direct
               XSTACK = 00000000 ( 0000000B )
    -------------------------------------------------------------------------
NEAR_CODE
  Relative segment, address: CODE 00000597 - 000005A0 (0xa bytes), align: 0
  Segment part 40.            Intra module refs:   ResetSPIRx
                                                   ResetSPITx
           LOCAL                   ADDRESS         
           =====                   =======         
           ?Subroutine1            00000597 
    -------------------------------------------------------------------------
NEAR_CODE
  Relative segment, address: CODE 000005A1 - 000005C8 (0x28 bytes), align: 0
  Segment part 41.            Intra module refs:   HandleSPI
                                                   PinConfigLime2_SPI_INPUT
           LOCAL                   ADDRESS         
           =====                   =======         
           SPITxCopyNEXTinACTIVE   000005A1 
               calls direct
               XSTACK = 00000000 ( 0000000B )
    -------------------------------------------------------------------------
NEAR_CODE
  Relative segment, address: CODE 000005C9 - 000005FF (0x37 bytes), align: 0
  Segment part 42.            Intra module refs:   HandleSPI
                                                   PinConfigLime2_SPI_INPUT
           LOCAL                   ADDRESS         
           =====                   =======         
           PrepareSPIAck           000005C9 
               calls direct
               XSTACK = 00000000 ( 0000000B )
    -------------------------------------------------------------------------
NEAR_CODE
  Relative segment, address: CODE 00000600 - 00000647 (0x48 bytes), align: 0
  Segment part 43.            Intra module refs:   sLime2Node
           LOCAL                   ADDRESS         
           =====                   =======         
           PinConfigLime2_SPI_INPUT
                                   00000600 
               calls direct
               XSTACK = 00000009 ( 00000000 )
    -------------------------------------------------------------------------
NEAR_CODE
  Relative segment, address: CODE 00000648 - 0000069B (0x54 bytes), align: 0
  Segment part 44.            Intra module refs:   sLime2Node
           LOCAL                   ADDRESS         
           =====                   =======         
           HandleSPI               00000648 
               calls direct
               XSTACK = 00000009 ( 00000000 )
               ISTACK = 00000000 ( 00000002 )
    -------------------------------------------------------------------------
NEAR_CODE
  Relative segment, address: CODE 0000069C - 000006CB (0x30 bytes), align: 0
  Segment part 45.
           ENTRY                   ADDRESS         REF BY
           =====                   =======         ======
           sLime2Node              0000069C        main (main)
               calls direct
               XSTACK = 00000000 ( 00000009 )
    -------------------------------------------------------------------------
NEAR_CODE
  Relative segment, address: CODE 000006CC - 000006FC (0x31 bytes), align: 0
  Segment part 46.            Intra module refs:   ut0rx_isr::??INTVEC 19
           ENTRY                   ADDRESS         REF BY
           =====                   =======         ======
           ut0rx_isr               000006CC 
               interrupt function
               calls direct
               XSTACK = 00000000 ( 0000000E )
               ISTACK = 00000000 ( 00000001 )
    -------------------------------------------------------------------------
NEAR_CODE
  Relative segment, address: CODE 000006FD - 0000073D (0x41 bytes), align: 0
  Segment part 47.            Intra module refs:   ut0tx_isr::??INTVEC 59
           ENTRY                   ADDRESS         REF BY
           =====                   =======         ======
           ut0tx_isr               000006FD 
               interrupt function
               ISTACK = 00000000 ( 00000006 )
    -------------------------------------------------------------------------
INTVEC
  Common segment, address: CODE 00000000 - 00000015 (0x16 bytes), align: 0
  Segment part 14. ROOT 
           ENTRY                   ADDRESS         REF BY
           =====                   =======         ======
           ut0rx_isr::??INTVEC 19
                                   00000013 
    -------------------------------------------------------------------------
INTVEC
  Common segment, address: CODE 00000000 - 0000003D (0x3e bytes), align: 0
  Segment part 15. ROOT 
           ENTRY                   ADDRESS         REF BY
           =====                   =======         ======
           ut0tx_isr::??INTVEC 59
                                   0000003B 
    -------------------------------------------------------------------------
XDATA_ID
  Relative segment, address: CODE 000000D6 - 000000D6 (0x1 bytes), align: 0
  Segment part 25.            Intra module refs:   g_lastSpiCommand

    *************************************************************************

  FILE NAME : C:\Users\Francesco\Desktop\firmware-cc1110-lime2-remote\ide\LIME2\Obj\main.r51
  PROGRAM MODULE, NAME : main

  SEGMENTS IN THE MODULE
  ======================
XDATA_Z
  Relative segment, address: XDATA 0000F178 - 0000F178 (0x1 bytes), align: 0
  Segment part 15.            Intra module refs:   MRFI_RxCompleteISR
           ENTRY                   ADDRESS         REF BY
           =====                   =======         ======
           g_sRxCallbackSemaphore
                                   0000F178        SendCommandOverRadioWithACK (lime2)
    -------------------------------------------------------------------------
XDATA_Z
  Relative segment, address: XDATA 0000F179 - 0000F1B8 (0x40 bytes), align: 0
  Segment part 16.            Intra module refs:   MRFI_RxCompleteISR
           ENTRY                   ADDRESS         REF BY
           =====                   =======         ======
           g_pktRx                 0000F179        IsValidRadioACK (lime2)
    -------------------------------------------------------------------------
XDATA_I
  Relative segment, address: XDATA 0000F208 - 0000F20F (0x8 bytes), align: 0
  Segment part 7.             Intra module refs:   Segment part 18
    -------------------------------------------------------------------------
XDATA_I
  Relative segment, address: XDATA 0000F210 - 0000F217 (0x8 bytes), align: 0
  Segment part 9.             Intra module refs:   Segment part 18
    -------------------------------------------------------------------------
XDATA_I
  Relative segment, address: XDATA 0000F218 - 0000F21F (0x8 bytes), align: 0
  Segment part 11.            Intra module refs:   Segment part 18
    -------------------------------------------------------------------------
XDATA_I
  Relative segment, address: XDATA 0000F220 - 0000F224 (0x5 bytes), align: 0
  Segment part 13.            Intra module refs:   Segment part 20
    -------------------------------------------------------------------------
XDATA_I
  Relative segment, address: XDATA 0000F225 - 0000F22A (0x6 bytes), align: 0
  Segment part 17.            Intra module refs:   ?Subroutine1
           ENTRY                   ADDRESS         REF BY
           =====                   =======         ======
           g_commands              0000F225        SendCommandOverRadioWithACK (lime2)
    -------------------------------------------------------------------------
XDATA_I
  Relative segment, address: XDATA 0000F22B - 0000F22C (0x2 bytes), align: 0
  Segment part 19.
           ENTRY                   ADDRESS         REF BY
           =====                   =======         ======
           g_ack                   0000F22B        IsValidRadioACK (lime2)
                                                   PrepareSPIAck (lime2)
    -------------------------------------------------------------------------
NEAR_CODE
  Relative segment, address: CODE 0000073E - 00000787 (0x4a bytes), align: 0
  Segment part 21.
           ENTRY                   ADDRESS         REF BY
           =====                   =======         ======
           main                    0000073E        ?call_main (?cmain)
               calls direct
    -------------------------------------------------------------------------
NEAR_CODE
  Relative segment, address: CODE 00000788 - 0000078C (0x5 bytes), align: 0
  Segment part 23.            Intra module refs:   MRFI_RxCompleteISR
           LOCAL                   ADDRESS         
           =====                   =======         
           ?Subroutine0            00000788 
    -------------------------------------------------------------------------
NEAR_CODE
  Relative segment, address: CODE 0000078D - 000007B7 (0x2b bytes), align: 0
  Segment part 25.
           ENTRY                   ADDRESS         REF BY
           =====                   =======         ======
           DelayMsWithInterrupts   0000078D        SendCommandOverRadioWithACK (lime2)
               calls direct
               XSTACK = 00000000 ( 00000008 )
    -------------------------------------------------------------------------
NEAR_CODE
  Relative segment, address: CODE 000007B8 - 0000080B (0x54 bytes), align: 0
  Segment part 27.
           ENTRY                   ADDRESS         REF BY
           =====                   =======         ======
           String2Command          000007B8        HandleSPI (lime2)
               calls direct
               XSTACK = 00000000 ( 0000000F )
    -------------------------------------------------------------------------
NEAR_CODE
  Relative segment, address: CODE 0000080C - 00000825 (0x1a bytes), align: 0
  Segment part 28.            Intra module refs:   String2Command
                                                   main
           LOCAL                   ADDRESS         
           =====                   =======         
           ?Subroutine1            0000080C 
    -------------------------------------------------------------------------
NEAR_CODE
  Relative segment, address: CODE 00000826 - 00000839 (0x14 bytes), align: 0
  Segment part 30.
           ENTRY                   ADDRESS         REF BY
           =====                   =======         ======
           MRFI_RxCompleteISR      00000826        MRFI_RfIsr (mrfi)
               calls direct
               ISTACK = 00000000 ( 00000002 )
    -------------------------------------------------------------------------
XDATA_ID
  Relative segment, address: CODE 000000D7 - 000000DE (0x8 bytes), align: 0
  Segment part 8.             Intra module refs:   Segment part 7
    -------------------------------------------------------------------------
XDATA_ID
  Relative segment, address: CODE 000000DF - 000000E6 (0x8 bytes), align: 0
  Segment part 10.            Intra module refs:   Segment part 9
    -------------------------------------------------------------------------
XDATA_ID
  Relative segment, address: CODE 000000E7 - 000000EE (0x8 bytes), align: 0
  Segment part 12.            Intra module refs:   Segment part 11
    -------------------------------------------------------------------------
XDATA_ID
  Relative segment, address: CODE 000000EF - 000000F3 (0x5 bytes), align: 0
  Segment part 14.            Intra module refs:   Segment part 13
    -------------------------------------------------------------------------
XDATA_ID
  Relative segment, address: CODE 000000F4 - 000000F9 (0x6 bytes), align: 0
  Segment part 18.            Intra module refs:   g_commands
    -------------------------------------------------------------------------
XDATA_ID
  Relative segment, address: CODE 000000FA - 000000FB (0x2 bytes), align: 0
  Segment part 20.            Intra module refs:   g_ack

    *************************************************************************

  FILE NAME : C:\Users\Francesco\Desktop\firmware-cc1110-lime2-remote\ide\LIME2\Obj\mrfi.r51
  PROGRAM MODULE, NAME : mrfi

  SEGMENTS IN THE MODULE
  ======================
SFR_AN
  Relative segment, address: DATA 00000091 - 00000091 (0x1 bytes), align: 0
  Segment part 1. ROOT        Intra module refs:   Mrfi_RxModeOff
                                                   Mrfi_RxModeOn
           ENTRY                   ADDRESS         REF BY
           =====                   =======         ======
           RFIM                    00000091 
    -------------------------------------------------------------------------
SFR_AN
  Relative segment, address: DATA 0000009B - 0000009B (0x1 bytes), align: 0
  Segment part 3. ROOT        Intra module refs:   MRFI_RfIsr
                                                   Mrfi_RxModeOff
                                                   Mrfi_RxModeOn
           ENTRY                   ADDRESS         REF BY
           =====                   =======         ======
           S1CON                   0000009B 
    -------------------------------------------------------------------------
SFR_AN
  Relative segment, address: DATA 000000D1 - 000000D1 (0x1 bytes), align: 0
  Segment part 9. ROOT        Intra module refs:   Mrfi_RxModeOff
           ENTRY                   ADDRESS         REF BY
           =====                   =======         ======
           DMAIRQ                  000000D1 
    -------------------------------------------------------------------------
SFR_AN
  Relative segment, address: DATA 000000E1 - 000000E1 (0x1 bytes), align: 0
  Segment part 13. ROOT       Intra module refs:   MRFI_Init
                                                   MRFI_Transmit
                                                   MRFI_WakeUp
                                                   Mrfi_RxModeOff
                                                   Mrfi_RxModeOn
           ENTRY                   ADDRESS         REF BY
           =====                   =======         ======
           RFST                    000000E1 
    -------------------------------------------------------------------------
SFR_AN
  Relative segment, address: DATA 000000E9 - 000000E9 (0x1 bytes), align: 0
  Segment part 14. ROOT       Intra module refs:   MRFI_RfIsr
                                                   MRFI_Transmit
                                                   Mrfi_RxModeOff
                                                   Mrfi_RxModeOn
           ENTRY                   ADDRESS         REF BY
           =====                   =======         ======
           RFIF                    000000E9 
    -------------------------------------------------------------------------
XDATA_Z
  Relative segment, address: XDATA 0000F1B9 - 0000F1B9 (0x1 bytes), align: 0
  Segment part 21.            Intra module refs:   MRFI_Init
                                                   MRFI_RfIsr
                                                   MRFI_RxIdle
                                                   MRFI_RxOn
                                                   MRFI_SetLogicalChannel
                                                   MRFI_Transmit
                                                   MRFI_WakeUp
           LOCAL                   ADDRESS         
           =====                   =======         
           mrfiRadioState          0000F1B9 
    -------------------------------------------------------------------------
XDATA_Z
  Relative segment, address: XDATA 0000F1BA - 0000F1F9 (0x40 bytes), align: 0
  Segment part 22.            Intra module refs:   ?Subroutine4
                                                   MRFI_Receive
                                                   MRFI_RfIsr
                                                   Mrfi_RxModeOn
           LOCAL                   ADDRESS         
           =====                   =======         
           mrfiIncomingPacket      0000F1BA 
    -------------------------------------------------------------------------
XDATA_Z
  Relative segment, address: XDATA 0000F1FA - 0000F1FB (0x2 bytes), align: 0
  Segment part 25.            Intra module refs:   MRFI_Init
           LOCAL                   ADDRESS         
           =====                   =======         
           sReplyDelayScalar       0000F1FA 
    -------------------------------------------------------------------------
XDATA_Z
  Relative segment, address: XDATA 0000F1FC - 0000F1FD (0x2 bytes), align: 0
  Segment part 26.            Intra module refs:   MRFI_Init
                                                   Mrfi_RandomBackoffDelay
           LOCAL                   ADDRESS         
           =====                   =======         
           sBackoffHelper          0000F1FC 
    -------------------------------------------------------------------------
XDATA_Z
  Relative segment, address: XDATA 0000F1FE - 0000F205 (0x8 bytes), align: 0
  Segment part 27.            Intra module refs:   MRFI_Init
                                                   MRFI_Transmit
                                                   Mrfi_RxModeOn
           ENTRY                   ADDRESS         REF BY
           =====                   =======         ======
           mrfiDmaCfg              0000F1FE 
    -------------------------------------------------------------------------
NEAR_CODE
  Relative segment, address: CODE 0000083A - 00000961 (0x128 bytes), align: 0
  Segment part 37.
           ENTRY                   ADDRESS         REF BY
           =====                   =======         ======
           MRFI_Init               0000083A        main (main)
               calls direct
               XSTACK = 00000000 ( 0000000B )
    -------------------------------------------------------------------------
NEAR_CODE
  Relative segment, address: CODE 00000962 - 00000A11 (0xb0 bytes), align: 0
  Segment part 38.
           ENTRY                   ADDRESS         REF BY
           =====                   =======         ======
           MRFI_Transmit           00000962        SendCommandOverRadioWithACK (lime2)
               calls direct
               XSTACK = 00000000 ( 0000000A )
    -------------------------------------------------------------------------
NEAR_CODE
  Relative segment, address: CODE 00000A12 - 00000A24 (0x13 bytes), align: 0
  Segment part 39.
           ENTRY                   ADDRESS         REF BY
           =====                   =======         ======
           MRFI_Receive            00000A12        MRFI_RxCompleteISR (main)
               ISTACK = 00000000 ( 00000002 )
    -------------------------------------------------------------------------
NEAR_CODE
  Relative segment, address: CODE 00000A25 - 00000AE3 (0xbf bytes), align: 0
  Segment part 40.            Intra module refs:   MRFI_RfIsr::??INTVEC 131
           ENTRY                   ADDRESS         REF BY
           =====                   =======         ======
           MRFI_RfIsr              00000A25 
               interrupt function
               calls direct
               XSTACK = 00000000 ( 00000011 )
    -------------------------------------------------------------------------
NEAR_CODE
  Relative segment, address: CODE 00000AE4 - 00000AF1 (0xe bytes), align: 0
  Segment part 41.            Intra module refs:   MRFI_Init
                                                   MRFI_RfIsr
                                                   Mrfi_RxModeOn
           LOCAL                   ADDRESS         
           =====                   =======         
           ?Subroutine4            00000AE4 
    -------------------------------------------------------------------------
NEAR_CODE
  Relative segment, address: CODE 00000AF2 - 00000B21 (0x30 bytes), align: 0
  Segment part 43.
           ENTRY                   ADDRESS         REF BY
           =====                   =======         ======
           MRFI_WakeUp             00000AF2        main (main)
               ISTACK = 00000000 ( 00000002 )
    -------------------------------------------------------------------------
NEAR_CODE
  Relative segment, address: CODE 00000B22 - 00000B2C (0xb bytes), align: 0
  Segment part 44.            Intra module refs:   MRFI_Init
                                                   MRFI_WakeUp
           LOCAL                   ADDRESS         
           =====                   =======         
           ?Subroutine5            00000B22 
    -------------------------------------------------------------------------
NEAR_CODE
  Relative segment, address: CODE 00000B2D - 00000B33 (0x7 bytes), align: 0
  Segment part 45.            Intra module refs:   Mrfi_RandomBackoffDelay
           ENTRY                   ADDRESS         REF BY
           =====                   =======         ======
           MRFI_RandomByte         00000B2D 
               XSTACK = 00000008 ( 00000000 )
    -------------------------------------------------------------------------
NEAR_CODE
  Relative segment, address: CODE 00000B34 - 00000B79 (0x46 bytes), align: 0
  Segment part 46.            Intra module refs:   MRFI_RfIsr
                                                   MRFI_RxOn
                                                   MRFI_SetLogicalChannel
                                                   MRFI_Transmit
           LOCAL                   ADDRESS         
           =====                   =======         
           Mrfi_RxModeOn           00000B34 
               calls direct
               XSTACK = 0000000F ( 0000000B )
    -------------------------------------------------------------------------
NEAR_CODE
  Relative segment, address: CODE 00000B7A - 00000B84 (0xb bytes), align: 0
  Segment part 47.            Intra module refs:   MRFI_Transmit
                                                   Mrfi_RxModeOn
           LOCAL                   ADDRESS         
           =====                   =======         
           ?Subroutine3            00000B7A 
    -------------------------------------------------------------------------
NEAR_CODE
  Relative segment, address: CODE 00000B85 - 00000BA1 (0x1d bytes), align: 0
  Segment part 48.
           ENTRY                   ADDRESS         REF BY
           =====                   =======         ======
           MRFI_RxOn               00000B85        SendCommandOverRadioWithACK (lime2)
                                                   main (main)
               calls direct
               ISTACK = 00000000 ( 00000002 )
    -------------------------------------------------------------------------
NEAR_CODE
  Relative segment, address: CODE 00000BA2 - 00000BC1 (0x20 bytes), align: 0
  Segment part 49.            Intra module refs:   MRFI_Init
                                                   MRFI_RfIsr
                                                   MRFI_RxIdle
                                                   MRFI_SetLogicalChannel
                                                   MRFI_Transmit
           LOCAL                   ADDRESS         
           =====                   =======         
           Mrfi_RxModeOff          00000BA2 
               XSTACK = 0000000F ( 00000000 )
               ISTACK = 00000000 ( 00000002 )
    -------------------------------------------------------------------------
XDATA_I
  Relative segment, address: XDATA 0000F22D - 0000F230 (0x4 bytes), align: 0
  Segment part 28.            Intra module refs:   MRFI_RxAddrIsFiltered
           ENTRY                   ADDRESS         REF BY
           =====                   =======         ======
           mrfiBroadcastAddr       0000F22D 
    -------------------------------------------------------------------------
XDATA_I
  Relative segment, address: XDATA 0000F231 - 0000F234 (0x4 bytes), align: 0
  Segment part 30.            Intra module refs:   MRFI_SetLogicalChannel
           LOCAL                   ADDRESS         
           =====                   =======         
           mrfiLogicalChanTable    0000F231 
    -------------------------------------------------------------------------
XDATA_Z
  Relative segment, address: XDATA 0000F206 - 0000F206 (0x1 bytes), align: 0
  Segment part 34.            Intra module refs:   MRFI_RxAddrIsFiltered
           LOCAL                   ADDRESS         
           =====                   =======         
           mrfiRxFilterEnabled     0000F206 
    -------------------------------------------------------------------------
XDATA_I
  Relative segment, address: XDATA 0000F235 - 0000F238 (0x4 bytes), align: 0
  Segment part 35.            Intra module refs:   ?Subroutine10
           LOCAL                   ADDRESS         
           =====                   =======         
           mrfiRxFilterAddr        0000F235 
    -------------------------------------------------------------------------
NEAR_CODE
  Relative segment, address: CODE 00000BC2 - 00000BC6 (0x5 bytes), align: 0
  Segment part 51.            Intra module refs:   MRFI_Receive
                                                   MRFI_RxIdle
                                                   MRFI_RxOn
                                                   MRFI_WakeUp
                                                   Mrfi_RxModeOff
    -------------------------------------------------------------------------
NEAR_CODE
  Relative segment, address: CODE 00000BC7 - 00000BE3 (0x1d bytes), align: 0
  Segment part 52.
           ENTRY                   ADDRESS         REF BY
           =====                   =======         ======
           MRFI_RxIdle             00000BC7        SendCommandOverRadioWithACK (lime2)
               calls direct
               XSTACK = 00000008 ( 00000000 )
               ISTACK = 00000000 ( 00000002 )
    -------------------------------------------------------------------------
NEAR_CODE
  Relative segment, address: CODE 00000BE4 - 00000C03 (0x20 bytes), align: 0
  Segment part 53.            Intra module refs:   ?Subroutine6
                                                   MRFI_DelayMs
                                                   MRFI_Init
                                                   Mrfi_RandomBackoffDelay
           LOCAL                   ADDRESS         
           =====                   =======         
           Mrfi_DelayUsec          00000BE4 
               calls direct
               XSTACK = 0000000A ( 00000009 )
    -------------------------------------------------------------------------
NEAR_CODE
  Relative segment, address: CODE 00000C04 - 00000C08 (0x5 bytes), align: 0
  Segment part 54.            Intra module refs:   MRFI_Init
                                                   Mrfi_DelayUsec
                                                   Mrfi_RxModeOn
           LOCAL                   ADDRESS         
           =====                   =======         
           ?Subroutine0            00000C04 
    -------------------------------------------------------------------------
NEAR_CODE
  Relative segment, address: CODE 00000C09 - 00000C17 (0xf bytes), align: 0
  Segment part 56.            Intra module refs:   Mrfi_DelayUsec
           LOCAL                   ADDRESS         
           =====                   =======         
           ?Subroutine8            00000C09 
    -------------------------------------------------------------------------
NEAR_CODE
  Relative segment, address: CODE 00000C18 - 00000C2A (0x13 bytes), align: 0
  Segment part 57.            Intra module refs:   Mrfi_DelayUsec
           LOCAL                   ADDRESS         
           =====                   =======         
           ?Subroutine7            00000C18 
    -------------------------------------------------------------------------
NEAR_CODE
  Relative segment, address: CODE 00000C2B - 00000C4A (0x20 bytes), align: 0
  Segment part 58.
           ENTRY                   ADDRESS         REF BY
           =====                   =======         ======
           MRFI_DelayMs            00000C2B        main (main)
               calls direct
               XSTACK = 00000000 ( 00000008 )
    -------------------------------------------------------------------------
NEAR_CODE
  Relative segment, address: CODE 00000C4B - 00000C66 (0x1c bytes), align: 0
  Segment part 61.            Intra module refs:   MRFI_Transmit
           LOCAL                   ADDRESS         
           =====                   =======         
           Mrfi_RandomBackoffDelay
                                   00000C4B 
               calls direct
               XSTACK = 0000000A ( 00000008 )
    -------------------------------------------------------------------------
NEAR_CODE
  Relative segment, address: CODE 00000C67 - 00000C6B (0x5 bytes), align: 0
  Segment part 63.            Intra module refs:   MRFI_DelayMs
                                                   MRFI_RxAddrIsFiltered
                                                   MRFI_SetLogicalChannel
                                                   Mrfi_RandomBackoffDelay
           LOCAL                   ADDRESS         
           =====                   =======         
           ?Subroutine2            00000C67 
    -------------------------------------------------------------------------
NEAR_CODE
  Relative segment, address: CODE 00000C6C - 00000C83 (0x18 bytes), align: 0
  Segment part 64.            Intra module refs:   MRFI_Transmit
           LOCAL                   ADDRESS         
           =====                   =======         
           ?Subroutine6            00000C6C 
    -------------------------------------------------------------------------
NEAR_CODE
  Relative segment, address: CODE 00000C84 - 00000C8B (0x8 bytes), align: 0
  Segment part 65.            Intra module refs:   ?Subroutine6
                                                   MRFI_Init
                                                   MRFI_RfIsr
           LOCAL                   ADDRESS         
           =====                   =======         
           ?Subroutine11           00000C84 
    -------------------------------------------------------------------------
NEAR_CODE
  Relative segment, address: CODE 00000C8C - 00000CBF (0x34 bytes), align: 0
  Segment part 66.            Intra module refs:   MRFI_RfIsr
           LOCAL                   ADDRESS         
           =====                   =======         
           Mrfi_CalculateRssi      00000C8C 
               XSTACK = 0000000F ( 00000000 )
               ISTACK = 00000000 ( 00000002 )
    -------------------------------------------------------------------------
NEAR_CODE
  Relative segment, address: CODE 00000CC0 - 00000CEF (0x30 bytes), align: 0
  Segment part 68.            Intra module refs:   MRFI_Init
           ENTRY                   ADDRESS         REF BY
           =====                   =======         ======
           MRFI_SetLogicalChannel
                                   00000CC0        main (main)
               calls direct
               XSTACK = 00000009 ( 00000008 )
    -------------------------------------------------------------------------
NEAR_CODE
  Relative segment, address: CODE 00000CF0 - 00000D35 (0x46 bytes), align: 0
  Segment part 73.            Intra module refs:   MRFI_RfIsr
           ENTRY                   ADDRESS         REF BY
           =====                   =======         ======
           MRFI_RxAddrIsFiltered   00000CF0 
               XSTACK = 0000000F ( 00000008 )
    -------------------------------------------------------------------------
NEAR_CODE
  Relative segment, address: CODE 00000D36 - 00000D40 (0xb bytes), align: 0
  Segment part 74.            Intra module refs:   MRFI_RxAddrIsFiltered
           LOCAL                   ADDRESS         
           =====                   =======         
           ?Subroutine10           00000D36 
    -------------------------------------------------------------------------
NEAR_CODE
  Relative segment, address: CODE 00000D41 - 00000D4C (0xc bytes), align: 0
  Segment part 75.            Intra module refs:   MRFI_RxAddrIsFiltered
           LOCAL                   ADDRESS         
           =====                   =======         
           ?Subroutine9            00000D41 
    -------------------------------------------------------------------------
INTVEC
  Common segment, address: CODE 00000000 - 00000085 (0x86 bytes), align: 0
  Segment part 15. ROOT 
           ENTRY                   ADDRESS         REF BY
           =====                   =======         ======
           MRFI_RfIsr::??INTVEC 131
                                   00000083 
    -------------------------------------------------------------------------
XDATA_ID
  Relative segment, address: CODE 000000FC - 000000FF (0x4 bytes), align: 0
  Segment part 29.            Intra module refs:   mrfiBroadcastAddr
    -------------------------------------------------------------------------
XDATA_ID
  Relative segment, address: CODE 00000100 - 00000103 (0x4 bytes), align: 0
  Segment part 31.            Intra module refs:   mrfiLogicalChanTable
    -------------------------------------------------------------------------
XDATA_ID
  Relative segment, address: CODE 00000104 - 00000107 (0x4 bytes), align: 0
  Segment part 36.            Intra module refs:   mrfiRxFilterAddr

    *************************************************************************

  FILE NAME : C:\Users\Francesco\Desktop\firmware-cc1110-lime2-remote\ide\LIME2\Obj\remote.r51
    *************************************************************************

  FILE NAME : C:\Program Files (x86)\IAR Systems\Embedded Workbench 8.0\8051\LIB\CLIB\cl-pli-nlxd-1e16x01.r51
  LIBRARY MODULE, NAME : ?cexit

  SEGMENTS IN THE MODULE
  ======================
CSTART
  Relative segment, address: CODE 00000086 - 0000008A (0x5 bytes), align: 0
  Segment part 0.
           ENTRY                   ADDRESS         REF BY
           =====                   =======         ======
           exit                    00000086        ?call_main (?cmain)
           ?C_EXIT                 00000086 
           ?ROM_MONITOR_NOPS       00000086 

    -------------------------------------------------------------------------
  LIBRARY MODULE, NAME : ?cmain

  SEGMENTS IN THE MODULE
  ======================
CSTART
  Relative segment, address: CODE 0000008B, align: 0
  Segment part 5.
           ENTRY                   ADDRESS         REF BY
           =====                   =======         ======
           ?cmain                  0000008B        Segment part 13 (CSTARTUP)
               calls direct
    -------------------------------------------------------------------------
CSTART
  Relative segment, address: CODE 0000008B - 0000009A (0x10 bytes), align: 0
  Segment part 16.
           ENTRY                   ADDRESS         REF BY
           =====                   =======         ======
           __INIT_XDATA_Z          0000008B        g_lastRemoteAckTransactionID (lime2)
                                                   g_lastRemoteBatteryRead (lime2)
                                                   g_lastSpiCommandParameter (lime2)
                                                   g_lastSpiCommandTransactionID (lime2)
                                                   g_noAckCount (lime2)
                                                   g_pktRx (main)
                                                   g_pktTx (lime2)
                                                   g_rxBufferLastIdx (lime2)
                                                   g_rxBufferSPISlave (lime2)
                                                   g_sRxCallbackSemaphore (main)
                                                   g_txBufferLastIdx (lime2)
                                                   g_txBufferSPISlaveACTIVE (lime2)
                                                   g_txBufferSPISlaveNEXT (lime2)
                                                   mrfiDmaCfg (mrfi)
                                                   mrfiIncomingPacket (mrfi)
                                                   mrfiRadioState (mrfi)
                                                   mrfiRxFilterEnabled (mrfi)
                                                   sBackoffHelper (mrfi)
                                                   sButtonPushed (bsp_extended)
[...]
  Segment part 0.
           ENTRY                   ADDRESS         REF BY
           =====                   =======         ======
           ?MOVE_LONG8_XDATA_IDATA
                                   00000108        ?PUSH_XSTACK_I (?PUSH_XSTACK_I)

    -------------------------------------------------------------------------
  LIBRARY MODULE, NAME : ?MOVE_LONG8_XDATA_XDATA

  SEGMENTS IN THE MODULE
  ======================
RCODE
  Relative segment, address: CODE 00000115 - 00000135 (0x21 bytes), align: 0
  Segment part 0.
           ENTRY                   ADDRESS         REF BY
           =====                   =======         ======
           ?MOVE_LONG8_XDATA_XDATA
                                   00000115        MRFI_Receive (mrfi)

    -------------------------------------------------------------------------
  LIBRARY MODULE, NAME : ?S_DIV_MOD

  SEGMENTS IN THE MODULE
  ======================
RCODE
  Relative segment, address: CODE 00000136 - 00000176 (0x41 bytes), align: 0
  Segment part 0.
           ENTRY                   ADDRESS         REF BY
           =====                   =======         ======
           ?S_DIV_MOD              0000016F        Mrfi_CalculateRssi (mrfi)
    -------------------------------------------------------------------------
RCODE
  Relative segment, address: CODE 00000177 - 000001CF (0x59 bytes), align: 0
  Segment part 1.             Intra module refs:   ?S_DIV_MOD
           ENTRY                   ADDRESS         REF BY
           =====                   =======         ======
           ?US_DIV_MOD             00000177 

    -------------------------------------------------------------------------
  LIBRARY MODULE, NAME : ?US_SHR

  SEGMENTS IN THE MODULE
  ======================
RCODE
  Relative segment, address: CODE 000001D0 - 000001D2 (0x3 bytes), align: 0
  Segment part 1.             Intra module refs:   Segment part 2
           ENTRY                   ADDRESS         REF BY
           =====                   =======         ======
           ?US_SHR                 000001D0        Mrfi_DelayUsec (mrfi)
    -------------------------------------------------------------------------
RCODE
  Relative segment, address: CODE 000001D3 - 000001DE (0xc bytes), align: 0
  Segment part 2.             Intra module refs:   ?US_SHR

    -------------------------------------------------------------------------
  LIBRARY MODULE, NAME : ?ALLOC_XSTACK8

  SEGMENTS IN THE MODULE
  ======================
RCODE
  Relative segment, address: CODE 000001DF - 000001F4 (0x16 bytes), align: 0
  Segment part 0.
           ENTRY                   ADDRESS         REF BY
           =====                   =======         ======
           ?ALLOC_XSTACK8          000001DF        BSP_Init (bsp)

    -------------------------------------------------------------------------
  LIBRARY MODULE, NAME : ?DEALLOC_XSTACK8

  SEGMENTS IN THE MODULE
  ======================
RCODE
  Relative segment, address: CODE 000001F5 - 0000020F (0x1b bytes), align: 0
  Segment part 0.
           ENTRY                   ADDRESS         REF BY
           =====                   =======         ======
           ?DEALLOC_XSTACK8        000001F5        BSP_Init (bsp)
                                                   IsValidRadioACK (lime2)
                                                   MRFI_Init (mrfi)
                                                   MRFI_RfIsr (mrfi)
                                                   Mrfi_RxModeOn (mrfi)
                                                   PrepareSPIAck (lime2)
                                                   ResetSPIRx (lime2)
                                                   ResetSPITx (lime2)
                                                   SPITxCopyNEXTinACTIVE (lime2)
                                                   SendCommandOverRadioWithACK (lime2)
                                                   String2Command (main)

    -------------------------------------------------------------------------
  LIBRARY MODULE, NAME : ?ADD_XSTACK_DISP8

  SEGMENTS IN THE MODULE
  ======================
RCODE
  Relative segment, address: CODE 00000210 - 0000022A (0x1b bytes), align: 0
  Segment part 1.
           ENTRY                   ADDRESS         REF BY
           =====                   =======         ======
           ?ADD_XSTACK_DISP0_8     00000210        ?PUSH_XSTACK_I (?PUSH_XSTACK_I)

    -------------------------------------------------------------------------
  LIBRARY MODULE, NAME : ?XSTACK_DISP8

  SEGMENTS IN THE MODULE
  ======================
RCODE
  Relative segment, address: CODE 0000022B - 00000234 (0xa bytes), align: 0
  Segment part 1.
           ENTRY                   ADDRESS         REF BY
           =====                   =======         ======
           ?XSTACK_DISP0_8         0000022B        memcmp (?memcmp)
                                                   memcpy (?memcpy)
                                                   memmove (?memmove)

    -------------------------------------------------------------------------
  LIBRARY MODULE, NAME : ?FUNC_ENTER_XDATA

  SEGMENTS IN THE MODULE
  ======================
RCODE
  Relative segment, address: CODE 00000235 - 0000029A (0x66 bytes), align: 0
  Segment part 1.
           ENTRY                   ADDRESS         REF BY
           =====                   =======         ======
           ?FUNC_ENTER_XDATA       00000235        DelayMsWithInterrupts (main)
                                                   IsValidRadioACK (lime2)
                                                   MRFI_DelayMs (mrfi)
                                                   MRFI_Init (mrfi)
                                                   MRFI_RxAddrIsFiltered (mrfi)
                                                   MRFI_SetLogicalChannel (mrfi)
                                                   MRFI_Transmit (mrfi)
                                                   Mrfi_DelayUsec (mrfi)
                                                   Mrfi_RandomBackoffDelay (mrfi)
                                                   Mrfi_RxModeOn (mrfi)
                                                   PrepareSPIAck (lime2)
                                                   ResetSPIRx (lime2)
                                                   ResetSPITx (lime2)
                                                   SPITxCopyNEXTinACTIVE (lime2)
                                                   SendCommandOverRadioWithACK (lime2)
                                                   String2Command (main)
                                                   memcmp (?memcmp)
                                                   memcpy (?memcpy)
                                                   memmove (?memmove)
                                                   sLime2Node (lime2)

    -------------------------------------------------------------------------
  LIBRARY MODULE, NAME : ?FUNC_LEAVE_XDATA

  SEGMENTS IN THE MODULE
  ======================
RCODE
  Relative segment, address: CODE 0000029B - 000002DA (0x40 bytes), align: 0
  Segment part 1.
           ENTRY                   ADDRESS         REF BY
           =====                   =======         ======
           ?FUNC_LEAVE_XDATA       0000029B        ?Subroutine0 (mrfi)
                                                   ?Subroutine2 (mrfi)
                                                   DelayMsWithInterrupts (main)
                                                   MRFI_Transmit (mrfi)
                                                   Segment part 37 (lime2)
                                                   String2Command (main)
                                                   memcmp (?memcmp)
                                                   memcpy (?memcpy)
                                                   memmove (?memmove)

    -------------------------------------------------------------------------
  LIBRARY MODULE, NAME : ?INTERRUPT_ENTER_XSP

  SEGMENTS IN THE MODULE
  ======================
RCODE
  Relative segment, address: CODE 000002DB - 00000339 (0x5f bytes), align: 0
  Segment part 1.
           ENTRY                   ADDRESS         REF BY
           =====                   =======         ======
           ?INTERRUPT_ENTER_XSP    000002DB        MRFI_RfIsr (mrfi)
                                                   ut0rx_isr (lime2)

    -------------------------------------------------------------------------
  LIBRARY MODULE, NAME : ?INTERRUPT_LEAVE_XSP

  SEGMENTS IN THE MODULE
  ======================
RCODE
  Relative segment, address: CODE 0000033A - 00000391 (0x58 bytes), align: 0
  Segment part 1.
           ENTRY                   ADDRESS         REF BY
           =====                   =======         ======
           ?INTERRUPT_LEAVE_XSP    0000033A        MRFI_RfIsr (mrfi)
                                                   ut0rx_isr (lime2)

    -------------------------------------------------------------------------
  LIBRARY MODULE, NAME : ?PUSH_XSTACK_I

  SEGMENTS IN THE MODULE
  ======================
RCODE
  Relative segment, address: CODE 00000392 - 00000395 (0x4 bytes), align: 0
  Segment part 2.
           ENTRY                   ADDRESS         REF BY
           =====                   =======         ======
           ?PUSH_XSTACK_I_TWO      00000392        IsValidRadioACK (lime2)
                                                   MRFI_Init (mrfi)
                                                   MRFI_RfIsr (mrfi)
                                                   Mrfi_RxModeOn (mrfi)
                                                   PrepareSPIAck (lime2)
                                                   ResetSPIRx (lime2)
                                                   ResetSPITx (lime2)
                                                   SPITxCopyNEXTinACTIVE (lime2)
                                                   SendCommandOverRadioWithACK (lime2)
                                                   String2Command (main)
    -------------------------------------------------------------------------
RCODE
  Relative segment, address: CODE 00000396 - 000003A2 (0xd bytes), align: 0
  Segment part 4.             Intra module refs:   ?PUSH_XSTACK_I_TWO
           ENTRY                   ADDRESS         REF BY
           =====                   =======         ======
           ?PUSH_XSTACK_I          00000396 

    -------------------------------------------------------------------------
  LIBRARY MODULE, NAME : ?memcmp

  SEGMENTS IN THE MODULE
  ======================
NEAR_CODE
  Relative segment, address: CODE 00000D4D - 00000D9A (0x4e bytes), align: 0
  Segment part 6.
           ENTRY                   ADDRESS         REF BY
           =====                   =======         ======
           memcmp                  00000D4D        IsValidRadioACK (lime2)
                                                   String2Command (main)
               XSTACK = 00000002 ( 00000008 )

    -------------------------------------------------------------------------
  LIBRARY MODULE, NAME : ?memcpy

  SEGMENTS IN THE MODULE
  ======================
NEAR_CODE
  Relative segment, address: CODE 00000D9B - 00000DE0 (0x46 bytes), align: 0
  Segment part 6.
           ENTRY                   ADDRESS         REF BY
           =====                   =======         ======
           memcpy                  00000D9B        PrepareSPIAck (lime2)
                                                   SPITxCopyNEXTinACTIVE (lime2)
                                                   SendCommandOverRadioWithACK (lime2)
               XSTACK = 00000002 ( 00000009 )
               ISTACK = 00000000 ( 00000001 )

    -------------------------------------------------------------------------
  LIBRARY MODULE, NAME : ?memmove

  SEGMENTS IN THE MODULE
  ======================
NEAR_CODE
  Relative segment, address: CODE 00000DE1 - 00000E66 (0x86 bytes), align: 0
  Segment part 6.
           ENTRY                   ADDRESS         REF BY
           =====                   =======         ======
           memmove                 00000DE1        MRFI_RfIsr (mrfi)
               XSTACK = 00000002 ( 00000009 )
               ISTACK = 00000000 ( 00000001 )
    -------------------------------------------------------------------------
NEAR_CODE
  Relative segment, address: CODE 00000E67 - 00000E79 (0x13 bytes), align: 0
  Segment part 7.             Intra module refs:   memmove

    -------------------------------------------------------------------------
  LIBRARY MODULE, NAME : ?memset

  SEGMENTS IN THE MODULE
  ======================
NEAR_CODE
  Relative segment, address: CODE 00000E7A - 00000EA3 (0x2a bytes), align: 0
  Segment part 6.
           ENTRY                   ADDRESS         REF BY
           =====                   =======         ======
           memset                  00000E7A        ?Subroutine4 (mrfi)
                                                   ResetSPIRx (lime2)
                                                   ResetSPITx (lime2)
               XSTACK = 00000002 ( 00000000 )
               ISTACK = 00000000 ( 00000002 )

    -------------------------------------------------------------------------
  LIBRARY MODULE, NAME : ?strlen

  SEGMENTS IN THE MODULE
  ======================
NEAR_CODE
  Relative segment, address: CODE 00000EA4 - 00000EBF (0x1c bytes), align: 0
  Segment part 6.
           ENTRY                   ADDRESS         REF BY
           =====                   =======         ======
           strlen                  00000EA4        main (main)
               ISTACK = 00000000 ( 00000002 )




                ****************************************
                *                                      *
                *            MODULE SUMMARY            *
                *                                      *
                ****************************************

Module                    CODE      DATA      XDATA  IDATA    BIT
------                    ----      ----      -----  -----    ---
                         (Rel)  (Rel)  (Abs)  (Rel)  (Rel)  (Rel)
?ADD_XSTACK_DISP8           27
?ALLOC_XSTACK8              22
?DEALLOC_XSTACK8            27
?FUNC_ENTER_XDATA          102
?FUNC_LEAVE_XDATA           64
?INTERRUPT_ENTER_XSP        95
?INTERRUPT_LEAVE_XSP        88
?MOVE_LONG8_XDATA_IDATA     13
?MOVE_LONG8_XDATA_XDATA     33
?PUSH_XSTACK_I              17
?S_DIV_MOD                 154
?US_SHR                     15
?XSTACK_DISP8               10
?cexit                       5
?cmain                      60
?memcmp                     78
?memcpy                     70
?memmove                   153
?memset                     42
?strlen                     28
CSTARTUP                    15
  + common                   3
VIRTUAL_REGISTERS                   8                           8
bsp                        105             4
  + shared                                 2
bsp_extended                71            13      1
  + shared                 126             9
  + common
lime2                      748             7    120
  + common                  62
main                       289                  102
mrfi                     1 311             5     90
  + common                 134
N/A (command line)                  8           256     64
N/A (alignment)
----------               -----     --     --    ---     --      -
Total:                   3 642     16     40    569     64      8
  + common                 134


                ****************************************
                *                                      *
                *      SEGMENTS IN ADDRESS ORDER       *
                *                                      *
                ****************************************


SEGMENT              SPACE    START ADDRESS   END ADDRESS     SIZE  TYPE  ALIGN
=======              =====    =============   ===========     ====  ====  =====
INTVEC               CODE          00000000 - 00000085          86   com    0
CSTART               CODE          00000086 - 000000D5          50   rel    0
DATA_ID              CODE               000000D6                     dse    0
BDATA_ID             CODE               000000D6                     dse    0
BIT_ID               CODE               000000D6                     dse    0
IDATA_ID             CODE               000000D6                     dse    0
PDATA_ID             CODE               000000D6                     dse    0
IXDATA_ID            CODE               000000D6                     dse    0
XDATA_ID             CODE          000000D6 - 00000107          32   rel    0
RCODE                CODE          00000108 - 000003A2         29B   rel    0
DIFUNCT              CODE               000003A3                     dse    0
CODE_C               CODE               000003A3                     dse    0
CODE_N               CODE               000003A3                     dse    0
NEAR_CODE            CODE          000003A3 - 00000EBF         B1D   rel    0
REGISTERS            DATA          00000000 - 00000007           8   rel    0
VREG                 DATA          00000008 - 0000000D           6   rel    0
PSP                  DATA               0000000E                     dse    0
XSP                  DATA          0000000E - 0000000F           2   rel    0
BREG                 BIT        00000020.0  -  00000020.7        8   rel    0
SFR_AN               DATA          00000086 - 00000088           3   rel    0
                     DATA          0000008A - 0000008A           1 
                     DATA          0000008D - 0000008D           1 
                     DATA          00000090 - 00000091           2 
                     DATA          0000009A - 0000009B           2 
                     DATA          000000A1 - 000000A5           5 
                     DATA          000000A8 - 000000A8           1 
                     DATA          000000B4 - 000000B4           1 
                     DATA          000000B6 - 000000B6           1 
                     DATA          000000BA - 000000BC           3 
                     DATA          000000BE - 000000BE           1 
                     DATA          000000C0 - 000000C1           2 
                     DATA          000000C5 - 000000C7           3 
                     DATA          000000CB - 000000CB           1 
                     DATA          000000CD - 000000CD           1 
                     DATA          000000D1 - 000000D1           1 
                     DATA          000000D4 - 000000D6           3 
                     DATA          000000D8 - 000000D8           1 
                     DATA          000000E1 - 000000E1           1 
                     DATA          000000E8 - 000000E9           2 
                     DATA          000000F1 - 000000F1           1 
                     DATA          000000F3 - 000000F3           1 
                     DATA          000000FE - 000000FF           2 
XSTACK               XDATA         0000F000 - 0000F0FF         100   rel    0
XDATA_Z              XDATA         0000F100 - 0000F206         107   rel    0
XDATA_I              XDATA         0000F207 - 0000F238          32   rel    0
ISTACK               IDATA         000000C0 - 000000FF          40   rel    0

                ****************************************
                *                                      *
                *        END OF CROSS REFERENCE        *
                *                                      *
                ****************************************

 3 776 bytes of CODE  memory
    16 bytes of DATA  memory (+ 40 absolute )
   569 bytes of XDATA memory
    64 bytes of IDATA memory
     8 bits  of BIT   memory

Errors: none
Warnings: none

